2025-09-14 19:13:07 | SUCCESS | test_accounting_functions() -> Все тесты завершены | Время: 0.0587с
2025-09-14 19:13:08 | SUCCESS | test_error_handling() -> Тестирование ошибок завершено | Время: 0.0019с
